[INFO] Scanning for projects...
[INFO] 
[INFO] --------------------< ro.watchmanager:coffeewatch >---------------------
[INFO] Building coffeewatch 0.0.1-SNAPSHOT
[INFO]   from pom.xml
[INFO] --------------------------------[ jar ]---------------------------------
[INFO] 
[INFO] >>> spring-boot:3.2.5:run (default-cli) > test-compile @ coffeewatch >>>
[INFO] 
[INFO] --- resources:3.3.1:resources (default-resources) @ coffeewatch ---
[INFO] Copying 1 resource from src/main/resources to target/classes
[INFO] Copying 1 resource from src/main/resources to target/classes
[INFO] 
[INFO] --- compiler:3.11.0:compile (default-compile) @ coffeewatch ---
[INFO] Changes detected - recompiling the module! :source
[INFO] Compiling 30 source files with javac [debug release 17] to target/classes
[INFO] 
[INFO] --- resources:3.3.1:testResources (default-testResources) @ coffeewatch ---
[INFO] skip non existing resourceDirectory /home/rth/workspace/CoffeeWatch/backend/src/test/resources
[INFO] 
[INFO] --- compiler:3.11.0:testCompile (default-testCompile) @ coffeewatch ---
[INFO] No sources to compile
[INFO] 
[INFO] <<< spring-boot:3.2.5:run (default-cli) < test-compile @ coffeewatch <<<
[INFO] 
[INFO] 
[INFO] --- spring-boot:3.2.5:run (default-cli) @ coffeewatch ---
[INFO] Attaching agents: []

  .   ____          _            __ _ _
 /\\ / ___'_ __ _ _(_)_ __  __ _ \ \ \ \
( ( )\___ | '_ | '_| | '_ \/ _` | \ \ \ \
 \\/  ___)| |_)| | | | | || (_| |  ) ) ) )
  '  |____| .__|_| |_|_| |_\__, | / / / /
 =========|_|==============|___/=/_/_/_/
 :: Spring Boot ::                (v3.2.5)

2026-05-29T17:31:55.823+03:00  INFO 44438 --- [coffeewatch] [           main] ro.watchmanager.CoffeeWatchApplication   : Starting CoffeeWatchApplication using Java 25.0.2 with PID 44438 (/home/rth/workspace/CoffeeWatch/backend/target/classes started by rth in /home/rth/workspace/CoffeeWatch/backend)
2026-05-29T17:31:55.833+03:00  INFO 44438 --- [coffeewatch] [           main] ro.watchmanager.CoffeeWatchApplication   : No active profile set, falling back to 1 default profile: "default"
2026-05-29T17:31:56.393+03:00  INFO 44438 --- [coffeewatch] [           main] .s.d.r.c.RepositoryConfigurationDelegate : Bootstrapping Spring Data JPA repositories in DEFAULT mode.
2026-05-29T17:31:56.413+03:00  INFO 44438 --- [coffeewatch] [           main] .s.d.r.c.RepositoryConfigurationDelegate : Finished Spring Data repository scanning in 13 ms. Found 0 JPA repository interfaces.
WARNING: A restricted method in java.lang.System has been called
WARNING: java.lang.System::load has been called by org.apache.tomcat.jni.Library in an unnamed module (file:/home/rth/.m2/repository/org/apache/tomcat/embed/tomcat-embed-core/10.1.20/tomcat-embed-core-10.1.20.jar)
WARNING: Use --enable-native-access=ALL-UNNAMED to avoid a warning for callers in this module
WARNING: Restricted methods will be blocked in a future release unless native access is enabled

2026-05-29T17:31:56.860+03:00  INFO 44438 --- [coffeewatch] [           main] o.s.b.w.embedded.tomcat.TomcatWebServer  : Tomcat initialized with port 8080 (http)
2026-05-29T17:31:56.873+03:00  INFO 44438 --- [coffeewatch] [           main] o.apache.catalina.core.StandardService   : Starting service [Tomcat]
2026-05-29T17:31:56.873+03:00  INFO 44438 --- [coffeewatch] [           main] o.apache.catalina.core.StandardEngine    : Starting Servlet engine: [Apache Tomcat/10.1.20]
2026-05-29T17:31:56.920+03:00  INFO 44438 --- [coffeewatch] [           main] o.a.c.c.C.[Tomcat].[localhost].[/]       : Initializing Spring embedded WebApplicationContext
2026-05-29T17:31:56.921+03:00  INFO 44438 --- [coffeewatch] [           main] w.s.c.ServletWebServerApplicationContext : Root WebApplicationContext: initialization completed in 1015 ms
2026-05-29T17:31:57.004+03:00  INFO 44438 --- [coffeewatch] [           main] com.zaxxer.hikari.HikariDataSource       : HikariPool-1 - Starting...
2026-05-29T17:31:57.158+03:00  INFO 44438 --- [coffeewatch] [           main] com.zaxxer.hikari.pool.HikariPool        : HikariPool-1 - Added connection conn0: url=jdbc:h2:mem:testdb user=SA
2026-05-29T17:31:57.160+03:00  INFO 44438 --- [coffeewatch] [           main] com.zaxxer.hikari.HikariDataSource       : HikariPool-1 - Start completed.
2026-05-29T17:31:57.310+03:00  INFO 44438 --- [coffeewatch] [           main] o.hibernate.jpa.internal.util.LogHelper  : HHH000204: Processing PersistenceUnitInfo [name: default]
2026-05-29T17:31:57.344+03:00  INFO 44438 --- [coffeewatch] [           main] org.hibernate.Version                    : HHH000412: Hibernate ORM core version 6.4.4.Final
2026-05-29T17:31:57.366+03:00  INFO 44438 --- [coffeewatch] [           main] o.h.c.internal.RegionFactoryInitiator    : HHH000026: Second-level cache disabled
2026-05-29T17:31:57.512+03:00  INFO 44438 --- [coffeewatch] [           main] o.s.o.j.p.SpringPersistenceUnitInfo      : No LoadTimeWeaver setup: ignoring JPA class transformer
2026-05-29T17:31:57.560+03:00  WARN 44438 --- [coffeewatch] [           main] org.hibernate.orm.deprecation            : HHH90000025: H2Dialect does not need to be specified explicitly using 'hibernate.dialect' (remove the property setting and it will be selected by default)
2026-05-29T17:31:57.794+03:00  INFO 44438 --- [coffeewatch] [           main] o.h.e.t.j.p.i.JtaPlatformInitiator       : HHH000489: No JTA platform available (set 'hibernate.transaction.jta.platform' to enable JTA platform integration)
2026-05-29T17:31:57.798+03:00  INFO 44438 --- [coffeewatch] [           main] j.LocalContainerEntityManagerFactoryBean : Initialized JPA EntityManagerFactory for persistence unit 'default'
2026-05-29T17:31:58.351+03:00  WARN 44438 --- [coffeewatch] [           main] JpaBaseConfiguration$JpaWebConfiguration : spring.jpa.open-in-view is enabled by default. Therefore, database queries may be performed during view rendering. Explicitly configure spring.jpa.open-in-view to disable this warning
2026-05-29T17:31:58.908+03:00  INFO 44438 --- [coffeewatch] [           main] o.s.b.w.embedded.tomcat.TomcatWebServer  : Tomcat started on port 8080 (http) with context path ''
2026-05-29T17:31:58.920+03:00  INFO 44438 --- [coffeewatch] [           main] ro.watchmanager.CoffeeWatchApplication   : Started CoffeeWatchApplication in 3.494 seconds (process running for 3.786)
[INFO] ------------------------------------------------------------------------
[INFO] BUILD FAILURE
[INFO] ------------------------------------------------------------------------
[INFO] Total time:  25.918 s
[INFO] Finished at: 2026-05-29T17:32:16+03:00
[INFO] ------------------------------------------------------------------------
[ERROR] Failed to execute goal org.springframework.boot:spring-boot-maven-plugin:3.2.5:run (default-cli) on project coffeewatch: Process terminated with exit code: 137 -> [Help 1]
[ERROR] 
[ERROR] To see the full stack trace of the errors, re-run Maven with the -e switch.
[ERROR] Re-run Maven using the -X switch to enable full debug logging.
[ERROR] 
[ERROR] For more information about the errors and possible solutions, please read the following articles:
[ERROR] [Help 1] http://cwiki.apache.org/confluence/display/MAVEN/MojoExecutionException
